Archive member included because of file (symbol)

E:\Marmalade\7.4\s3e\edk\lib\android/libedk.a(edk_helpers.o)
                              release\gpgadmob_platform.os (s3eEdkThreadRunOnOS)

Discarded input sections

 .text          0x00000000       0x14 E:/Android/android-ndk-r9/platforms/android-14/arch-arm/usr/lib/crtbegin_so.o
 .bss           0x00000000        0x0 E:/Android/android-ndk-r9/platforms/android-14/arch-arm/usr/lib/crtbegin_so.o
 .note.GNU-stack
                0x00000000        0x0 E:/Android/android-ndk-r9/platforms/android-14/arch-arm/usr/lib/crtbegin_so.o
 .group         0x00000000        0x8 release\gpgadmob_platform.os
 .group         0x00000000        0x8 release\gpgadmob_platform.os
 .group         0x00000000        0x8 release\gpgadmob_platform.os
 .text          0x00000000        0x0 release\gpgadmob_platform.os
 .data          0x00000000        0x0 release\gpgadmob_platform.os
 .note.GNU-stack
                0x00000000        0x0 release\gpgadmob_platform.os
 .text          0x00000000        0x0 release\gpgadmob.os
 .data          0x00000000        0x0 release\gpgadmob.os
 .bss           0x00000000        0x0 release\gpgadmob.os
 .note.GNU-stack
                0x00000000        0x0 release\gpgadmob.os
 .text          0x00000000        0x0 release\gpgadmob_register.os
 .data          0x00000000        0x0 release\gpgadmob_register.os
 .bss           0x00000000        0x0 release\gpgadmob_register.os
 .text._Z19gpgadmobRegisterExtv
                0x00000000      0x178 release\gpgadmob_register.os
 .note.GNU-stack
                0x00000000        0x0 release\gpgadmob_register.os
 .text          0x00000000        0x0 E:\Marmalade\7.4\s3e\edk\lib\android/libedk.a(edk_helpers.o)
 .data          0x00000000        0x0 E:\Marmalade\7.4\s3e\edk\lib\android/libedk.a(edk_helpers.o)
 .bss           0x00000000        0x0 E:\Marmalade\7.4\s3e\edk\lib\android/libedk.a(edk_helpers.o)
 .text.s3eEdkErrorSetString
                0x00000000       0x30 E:\Marmalade\7.4\s3e\edk\lib\android/libedk.a(edk_helpers.o)
 .text.s3eEdkThreadRunOnOSAsync
                0x00000000       0x30 E:\Marmalade\7.4\s3e\edk\lib\android/libedk.a(edk_helpers.o)
 .note.GNU-stack
                0x00000000        0x0 E:\Marmalade\7.4\s3e\edk\lib\android/libedk.a(edk_helpers.o)
 .text          0x00000000        0x0 E:/Android/android-ndk-r9/platforms/android-14/arch-arm/usr/lib/crtend_so.o
 .data          0x00000000        0x0 E:/Android/android-ndk-r9/platforms/android-14/arch-arm/usr/lib/crtend_so.o
 .bss           0x00000000        0x0 E:/Android/android-ndk-r9/platforms/android-14/arch-arm/usr/lib/crtend_so.o
 .note.GNU-stack
                0x00000000        0x0 E:/Android/android-ndk-r9/platforms/android-14/arch-arm/usr/lib/crtend_so.o

Memory map

 ** file header
                0x00000000       0x34
 ** segment headers
                0x00000034       0xe0

.interp         0x00000114       0x13
 ** fill        0x00000114       0x13

.dynsym         0x00000128       0xd0
 ** dynsym      0x00000128       0xd0

.dynstr         0x000001f8       0xf1
 ** string table
                0x000001f8       0xf1

.hash           0x000002ec       0x48
 ** hash        0x000002ec       0x48

.rel.dyn        0x00000334       0x98
 ** dynamic relocs
                0x00000334       0x98

.rel.plt        0x000003cc       0x28
 ** dynamic relocs
                0x000003cc       0x28

.plt            0x000003f4       0x50
 ** PLT         0x000003f4       0x50

.text           0x00000444     0x10e4
 .text.exit     0x00000444       0x10 E:/Android/android-ndk-r9/platforms/android-14/arch-arm/usr/lib/crtbegin_so.o
                0x00000444                __on_dlclose
 .text._ZL27s3eEdkAndroidFindClass_realPKc
                0x00000454       0xb8 release\gpgadmob_platform.os
 .text._ZN7_JNIEnv9NewObjectEP7_jclassP10_jmethodIDz
                0x0000050c       0x38 release\gpgadmob_platform.os
                0x0000050c                _JNIEnv::NewObject(_jclass*, _jmethodID*, ...)
 .text._ZN7_JNIEnv17CallBooleanMethodEP8_jobjectP10_jmethodIDz
                0x00000544       0x38 release\gpgadmob_platform.os
                0x00000544                _JNIEnv::CallBooleanMethod(_jobject*, _jmethodID*, ...)
 .text._ZN7_JNIEnv13CallIntMethodEP8_jobjectP10_jmethodIDz
                0x0000057c       0x38 release\gpgadmob_platform.os
                0x0000057c                _JNIEnv::CallIntMethod(_jobject*, _jmethodID*, ...)
 .text._Z21gpgadmobInit_platformv
                0x000005b4      0x4bc release\gpgadmob_platform.os
                0x000005b4                gpgadmobInit_platform()
 .text._Z26gpgadmobTerminate_platformv
                0x00000a70       0x58 release\gpgadmob_platform.os
                0x00000a70                gpgadmobTerminate_platform()
 .text._Z18AdmobInit_platformPKciii
                0x00000ac8       0x84 release\gpgadmob_platform.os
                0x00000ac8                AdmobInit_platform(char const*, int, int, int)
 .text._Z24AdmobTestDevice_platformPKc
                0x00000b4c       0x70 release\gpgadmob_platform.os
                0x00000b4c                AdmobTestDevice_platform(char const*)
 .text._Z20AdmobResize_platformi
                0x00000bbc       0x58 release\gpgadmob_platform.os
                0x00000bbc                AdmobResize_platform(int)
 .text._Z18AdmobShow_platformv
                0x00000c14       0x50 release\gpgadmob_platform.os
                0x00000c14                AdmobShow_platform()
 .text._Z21AdmobRefresh_platformv
                0x00000c64       0x50 release\gpgadmob_platform.os
                0x00000c64                AdmobRefresh_platform()
 .text._Z18AdmobHide_platformv
                0x00000cb4       0x50 release\gpgadmob_platform.os
                0x00000cb4                AdmobHide_platform()
 .text._Z18AdmobMove_platformiii
                0x00000d04       0x68 release\gpgadmob_platform.os
                0x00000d04                AdmobMove_platform(int, int, int)
 .text._Z32AdmobInterestialPreload_platformPKc
                0x00000d6c       0x70 release\gpgadmob_platform.os
                0x00000d6c                AdmobInterestialPreload_platform(char const*)
 .text._Z32AdmobInterestialIsReady_platformv
                0x00000ddc       0x58 release\gpgadmob_platform.os
                0x00000ddc                AdmobInterestialIsReady_platform()
 .text._Z32AdmobInterestialIsShown_platformv
                0x00000e34       0x58 release\gpgadmob_platform.os
                0x00000e34                AdmobInterestialIsShown_platform()
 .text._Z33AdmobInterestialWasShown_platformv
                0x00000e8c       0x58 release\gpgadmob_platform.os
                0x00000e8c                AdmobInterestialWasShown_platform()
 .text._Z36AdmobInterestialHasBeenUsed_platformv
                0x00000ee4       0x58 release\gpgadmob_platform.os
                0x00000ee4                AdmobInterestialHasBeenUsed_platform()
 .text._Z29AdmobInterestialShow_platformv
                0x00000f3c       0x50 release\gpgadmob_platform.os
                0x00000f3c                AdmobInterestialShow_platform()
 .text._Z29AdmobInterestialHide_platformv
                0x00000f8c       0x50 release\gpgadmob_platform.os
                0x00000f8c                AdmobInterestialHide_platform()
 .text._Z29AdmobBannerIsClicked_platformv
                0x00000fdc       0x58 release\gpgadmob_platform.os
                0x00000fdc                AdmobBannerIsClicked_platform()
 .text._Z34AdmobInterestialIsClicked_platformv
                0x00001034       0x58 release\gpgadmob_platform.os
                0x00001034                AdmobInterestialIsClicked_platform()
 .text._Z12gpgadmobInitv
                0x0000108c        0x4 release\gpgadmob.os
                0x0000108c                gpgadmobInit()
 .text._Z17gpgadmobTerminatev
                0x00001090        0x4 release\gpgadmob.os
                0x00001090                gpgadmobTerminate()
 .text.AdmobInit
                0x00001094        0x4 release\gpgadmob.os
                0x00001094                AdmobInit
 .text.AdmobTestDevice
                0x00001098        0x4 release\gpgadmob.os
                0x00001098                AdmobTestDevice
 .text.AdmobResize
                0x0000109c        0x4 release\gpgadmob.os
                0x0000109c                AdmobResize
 .text.AdmobShow
                0x000010a0        0x4 release\gpgadmob.os
                0x000010a0                AdmobShow
 .text.AdmobRefresh
                0x000010a4        0x4 release\gpgadmob.os
                0x000010a4                AdmobRefresh
 .text.AdmobHide
                0x000010a8        0x4 release\gpgadmob.os
                0x000010a8                AdmobHide
 .text.AdmobMove
                0x000010ac        0x4 release\gpgadmob.os
                0x000010ac                AdmobMove
 .text.AdmobInterestialPreload
                0x000010b0        0x4 release\gpgadmob.os
                0x000010b0                AdmobInterestialPreload
 .text.AdmobInterestialIsReady
                0x000010b4        0x4 release\gpgadmob.os
                0x000010b4                AdmobInterestialIsReady
 .text.AdmobInterestialIsShown
                0x000010b8        0x4 release\gpgadmob.os
                0x000010b8                AdmobInterestialIsShown
 .text.AdmobInterestialWasShown
                0x000010bc        0x4 release\gpgadmob.os
                0x000010bc                AdmobInterestialWasShown
 .text.AdmobInterestialHasBeenUsed
                0x000010c0        0x4 release\gpgadmob.os
                0x000010c0                AdmobInterestialHasBeenUsed
 .text.AdmobInterestialShow
                0x000010c4        0x4 release\gpgadmob.os
                0x000010c4                AdmobInterestialShow
 .text.AdmobInterestialHide
                0x000010c8        0x4 release\gpgadmob.os
                0x000010c8                AdmobInterestialHide
 .text.AdmobBannerIsClicked
                0x000010cc        0x4 release\gpgadmob.os
                0x000010cc                AdmobBannerIsClicked
 .text.AdmobInterestialIsClicked
                0x000010d0        0x4 release\gpgadmob.os
                0x000010d0                AdmobInterestialIsClicked
 .text._ZL30AdmobInterestialIsClicked_wrapv
                0x000010d4       0x30 release\gpgadmob_register.os
 .text._ZL25AdmobBannerIsClicked_wrapv
                0x00001104       0x30 release\gpgadmob_register.os
 .text._ZL25AdmobInterestialHide_wrapv
                0x00001134       0x20 release\gpgadmob_register.os
 .text._ZL25AdmobInterestialShow_wrapv
                0x00001154       0x20 release\gpgadmob_register.os
 .text._ZL32AdmobInterestialHasBeenUsed_wrapv
                0x00001174       0x30 release\gpgadmob_register.os
 .text._ZL29AdmobInterestialWasShown_wrapv
                0x000011a4       0x30 release\gpgadmob_register.os
 .text._ZL28AdmobInterestialIsShown_wrapv
                0x000011d4       0x30 release\gpgadmob_register.os
 .text._ZL28AdmobInterestialIsReady_wrapv
                0x00001204       0x30 release\gpgadmob_register.os
 .text._ZL28AdmobInterestialPreload_wrapPKc
                0x00001234       0x24 release\gpgadmob_register.os
 .text._ZL14AdmobMove_wrapiii
                0x00001258       0x40 release\gpgadmob_register.os
 .text._ZL14AdmobHide_wrapv
                0x00001298       0x20 release\gpgadmob_register.os
 .text._ZL17AdmobRefresh_wrapv
                0x000012b8       0x20 release\gpgadmob_register.os
 .text._ZL14AdmobShow_wrapv
                0x000012d8       0x20 release\gpgadmob_register.os
 .text._ZL16AdmobResize_wrapi
                0x000012f8       0x24 release\gpgadmob_register.os
 .text._ZL20AdmobTestDevice_wrapPKc
                0x0000131c       0x24 release\gpgadmob_register.os
 .text._ZL14AdmobInit_wrapPKciii
                0x00001340       0x40 release\gpgadmob_register.os
 .text.RegisterExt
                0x00001380      0x178 release\gpgadmob_register.os
                0x00001380                RegisterExt
 .text.s3eEdkThreadRunOnOS
                0xffffffffffffffff       0x30 E:\Marmalade\7.4\s3e\edk\lib\android/libedk.a(edk_helpers.o)
                0x000014f8                s3eEdkThreadRunOnOS

.rodata         0x00001528      0x1a2
 ** merge strings
                0x00001528      0x1a2

.fini_array     0x00002eac        0x8
 .fini_array    0x00002eac        0x4 E:/Android/android-ndk-r9/platforms/android-14/arch-arm/usr/lib/crtbegin_so.o
 .fini_array    0x00002eb0        0x4 E:/Android/android-ndk-r9/platforms/android-14/arch-arm/usr/lib/crtend_so.o

.init_array     0x00002eb4        0x4
 .init_array    0x00002eb4        0x4 E:/Android/android-ndk-r9/platforms/android-14/arch-arm/usr/lib/crtend_so.o

.dynamic        0x00002eb8       0xe0
 ** dynamic     0x00002eb8       0xe0

.got            0x00002f98       0x68
 ** GOT         0x00002f98       0x48
 ** GOT PLT     0x00002fe0       0x20

.data           0x00003000        0x4
 .data          0x00003000        0x4 E:/Android/android-ndk-r9/platforms/android-14/arch-arm/usr/lib/crtbegin_so.o
                0x00003000                __dso_handle

.bss            0x00003004       0x44
 .bss           0x00003004       0x44 release\gpgadmob_platform.os
